[stdin]:1269
        } else { console.log('Product \\'Apples\\' not found for stocking test.'); }
                             ^^^^^^^^^^^^

SyntaxError: missing ) after argument list
    at new Script (node:vm:94:7)
    at createScript (node:vm:250:10)
    at Object.runInThisContext (node:vm:298:10)
    at node:internal/process/execution:82:21
    at [stdin]-wrapper:6:24
    at runScript (node:internal/process/execution:81:62)
    at evalScript (node:internal/process/execution:103:10)
    at node:internal/main/eval_stdin:32:5
    at Socket.<anonymous> (node:internal/process/execution:204:5)
    at Socket.emit (node:events:529:35)

Node.js v18.19.1
